Bruce +
Diana +
Hal +
Jean -
(Bruce,Diana) +
(Bruce,Jean) -
(Diana,Hal) +
(Diana,Jean) -
(Hal,Jean) -
K is a NOT subgraph of G.
